
> intix-ai-interview-coach@1.0.0 build
> vite build

[36mvite v5.4.21 [32mbuilding for production...[36m[39m
transforming...
Browserslist: browsers data (caniuse-lite) is 10 months old. Please run:
  npx update-browserslist-db@latest
  Why you should do it regularly: https://github.com/browserslist/update-db#readme
[32m✓[39m 25 modules transformed.
[31mx[39m Build failed in 821ms
[31merror during build:
[31m[vite]: Rollup failed to resolve import "jspdf-autotable" from "C:/Users/prash/Downloads/Intix-v2-fixed (16)/Intix-v2-main/frontend/src/pages/ReportPage.jsx".
This is most likely unintended because it can break your application at runtime.
If you do want to externalize this module explicitly add it to
`build.rollupOptions.external`[31m
    at viteWarn (file:///C:/Users/prash/Downloads/Intix-v2-fixed%20(16)/Intix-v2-main/frontend/node_modules/vite/dist/node/chunks/dep-BK3b2jBa.js:65855:17)
    at onwarn (file:///C:/Users/prash/Downloads/Intix-v2-fixed%20(16)/Intix-v2-main/frontend/node_modules/@vitejs/plugin-react/dist/index.js:90:7)
    at onRollupWarning (file:///C:/Users/prash/Downloads/Intix-v2-fixed%20(16)/Intix-v2-main/frontend/node_modules/vite/dist/node/chunks/dep-BK3b2jBa.js:65885:5)
    at onwarn (file:///C:/Users/prash/Downloads/Intix-v2-fixed%20(16)/Intix-v2-main/frontend/node_modules/vite/dist/node/chunks/dep-BK3b2jBa.js:65550:7)
    at file:///C:/Users/prash/Downloads/Intix-v2-fixed%20(16)/Intix-v2-main/frontend/node_modules/rollup/dist/es/shared/node-entry.js:20951:13
    at Object.logger [as onLog] (file:///C:/Users/prash/Downloads/Intix-v2-fixed%20(16)/Intix-v2-main/frontend/node_modules/rollup/dist/es/shared/node-entry.js:22823:9)
    at ModuleLoader.handleInvalidResolvedId (file:///C:/Users/prash/Downloads/Intix-v2-fixed%20(16)/Intix-v2-main/frontend/node_modules/rollup/dist/es/shared/node-entry.js:21567:26)
    at file:///C:/Users/prash/Downloads/Intix-v2-fixed%20(16)/Intix-v2-main/frontend/node_modules/rollup/dist/es/shared/node-entry.js:21525:26[39m
